// Jest Snapshot v1, https://goo.gl/fbAQLP

exports[`App component renders App 1`] = `
<styled.section>
  <BrowserRouter>
    <GlobalStyleComponent />
    <Connect(NavContainer) />
    <Switch>
      <Route
        component={
          Object {
            "$$typeof": Symbol(react.memo),
            "WrappedComponent": [Function],
            "compare": null,
            "displayName": "Connect(WithSession)",
            "type": [Function],
          }
        }
        exact={true}
        path="/"
      />
      <Route
        component={
          Object {
            "$$typeof": Symbol(react.memo),
            "WrappedComponent": [Function],
            "compare": null,
            "displayName": "Connect(Callback)",
            "type": [Function],
          }
        }
        path="/callback"
      />
    </Switch>
  </BrowserRouter>
</styled.section>
`;
